Blender 5.2.1 LTS (hash 9e2066aef7ef built 2026-08-25 02:38:20)
Timer 'STL Import' took 58.14 ms
Timer 'STL Import' took 36.58 ms
Timer 'STL Import' took 31.31 ms
Timer 'STL Import' took 31.59 ms
Timer 'STL Import' took 30.13 ms
Timer 'STL Import' took 13.06 ms
Timer 'STL Import' took 14.20 ms
Timer 'STL Import' took 15.77 ms
Timer 'STL Import' took 11.17 ms
Timer 'STL Import' took 12.53 ms
Timer 'STL Import' took 11.10 ms
Timer 'STL Import' took 12.40 ms
Timer 'STL Import' took 18.70 ms
Timer 'STL Import' took 10.25 ms
Timer 'STL Import' took 49.40 ms
Timer 'STL Import' took 67.17 ms
Timer 'STL Import' took 11.82 ms
Timer 'STL Import' took 8.85 ms
Timer 'STL Import' took 72.40 ms
Timer 'STL Import' took 12.24 ms
Timer 'STL Import' took 10.89 ms
Timer 'STL Import' took 11.25 ms
Timer 'STL Import' took 74.91 ms
Timer 'STL Import' took 10.03 ms
Timer 'STL Import' took 14.60 ms
Timer 'STL Import' took 13.41 ms
Timer 'STL Import' took 11.21 ms
Timer 'STL Import' took 10.74 ms
Timer 'STL Import' took 10.92 ms
Timer 'STL Import' took 14.45 ms
Timer 'STL Import' took 14.98 ms
Timer 'STL Import' took 13.25 ms
Timer 'STL Import' took 11.99 ms
Timer 'STL Import' took 13.87 ms
Timer 'STL Import' took 13.99 ms
Timer 'STL Import' took 11.77 ms
Timer 'STL Import' took 11.79 ms
Timer 'STL Import' took 10.42 ms
Timer 'STL Import' took 14.87 ms
Timer 'STL Import' took 10.88 ms
Timer 'STL Import' took 10.54 ms
Timer 'STL Import' took 11.57 ms
Timer 'STL Import' took 13.37 ms
Timer 'STL Import' took 38.52 ms
Timer 'STL Import' took 12.81 ms
Timer 'STL Import' took 10.29 ms
Timer 'STL Import' took 11.20 ms
Timer 'STL Import' took 14.11 ms
Timer 'STL Import' took 13.43 ms
Timer 'STL Import' took 14.13 ms
Timer 'STL Import' took 14.04 ms
Timer 'STL Import' took 11.88 ms
Timer 'STL Import' took 11.33 ms
Timer 'STL Import' took 12.42 ms
Timer 'STL Import' took 10.56 ms
Timer 'STL Import' took 12.12 ms
Timer 'STL Import' took 13.52 ms
Timer 'STL Import' took 13.52 ms
Timer 'STL Import' took 27.74 ms
Timer 'STL Import' took 11.28 ms
Timer 'STL Import' took 11.52 ms
Timer 'STL Import' took 11.62 ms
Timer 'STL Import' took 12.18 ms
Timer 'STL Import' took 13.18 ms
Timer 'STL Import' took 13.60 ms
Timer 'STL Import' took 13.66 ms
Timer 'STL Import' took 16.13 ms
Timer 'STL Import' took 11.95 ms
Timer 'STL Import' took 15.53 ms
Timer 'STL Import' took 29.49 ms
Timer 'STL Import' took 11.97 ms
Timer 'STL Import' took 15.32 ms
Timer 'STL Import' took 32.46 ms
Timer 'STL Import' took 13.46 ms
Timer 'STL Import' took 21.67 ms
Timer 'STL Import' took 14.10 ms
Timer 'STL Import' took 22.59 ms
Timer 'STL Import' took 20.54 ms
Timer 'STL Import' took 29.67 ms
Timer 'STL Import' took 13.66 ms
Timer 'STL Import' took 14.24 ms
Timer 'STL Import' took 9.74 ms
Timer 'STL Import' took 12.16 ms
Timer 'STL Import' took 13.68 ms
Timer 'STL Import' took 14.18 ms
Timer 'STL Import' took 12.31 ms
Timer 'STL Import' took 11.44 ms
Timer 'STL Import' took 12.75 ms
Timer 'STL Import' took 19.70 ms
Timer 'STL Import' took 16.14 ms
Timer 'STL Import' took 13.12 ms
Timer 'STL Import' took 11.24 ms
Timer 'STL Import' took 14.68 ms
Timer 'STL Import' took 13.53 ms
Timer 'STL Import' took 16.32 ms
Timer 'STL Import' took 11.59 ms
Timer 'STL Import' took 11.49 ms
Timer 'STL Import' took 14.40 ms
Timer 'STL Import' took 13.43 ms
Timer 'STL Import' took 89.42 ms
Timer 'STL Import' took 16.18 ms
Timer 'STL Import' took 48.54 ms
Timer 'STL Import' took 12.16 ms
Timer 'STL Import' took 32.79 ms
Timer 'STL Import' took 12.38 ms
Timer 'STL Import' took 13.36 ms
Timer 'STL Import' took 13.48 ms
Timer 'STL Import' took 10.55 ms
Timer 'STL Import' took 9.11 ms
Timer 'STL Import' took 14.55 ms
Timer 'STL Import' took 11.80 ms
Timer 'STL Import' took 9.61 ms
Timer 'STL Import' took 12.02 ms
Timer 'STL Import' took 17.03 ms
Timer 'STL Import' took 10.26 ms
Timer 'STL Import' took 12.95 ms
Timer 'STL Import' took 13.05 ms
Timer 'STL Import' took 46.50 ms
Timer 'STL Import' took 11.31 ms
Timer 'STL Import' took 17.49 ms
Timer 'STL Import' took 11.15 ms
Timer 'STL Import' took 12.12 ms
Timer 'STL00:10.516  render           | Saved: 'C:\Users\nikil\3d-printed-playdoh-roller\3d-printing-skills\flexi-shingleback-scale-aligned\shingleback-preview.png'
00:11.344  render           | Saved: 'C:\Users\nikil\3d-printed-playdoh-roller\3d-printing-skills\flexi-shingleback-scale-aligned\shingleback-top.png'
00:12.360  render           | Saved: 'C:\Users\nikil\3d-printed-playdoh-roller\3d-printing-skills\flexi-shingleback-scale-aligned\shingleback-side.png'
00:13.735  render           | Saved: 'C:\Users\nikil\3d-printed-playdoh-roller\3d-printing-skills\flexi-shingleback-scale-aligned\shingleback-underside.png'
00:15.938  render           | Saved: 'C:\Users\nikil\3d-printed-playdoh-roller\3d-printing-skills\flexi-shingleback-scale-aligned\hindleg-detail.png'
00:16.266  image.write      | ERROR OpenImageIO write failed: Could not open file "\.thumbnails\large\blender_12388_e8aa6847e1464dd3287789e5e65a9c89.png.png"
BlenderMCP: cannot start server in background mode (blender -b) - commands would never execute
BlenderMCP: run Blender with a GUI, or use a virtual display: xvfb-run -a blender
BlenderMCP addon registered
BlenderMCP server stopped
BlenderMCP addon unregistered
Info: Saved as "flexi-shingleback-scale-aligned.blend"
SAVED 133 separate objects
 Import' took 14.99 ms
Timer 'STL Import' took 10.86 ms
Timer 'STL Import' took 15.14 ms
Timer 'STL Import' took 13.55 ms
Timer 'STL Import' took 11.05 ms
Timer 'STL Import' took 26.85 ms
Timer 'STL Import' took 12.28 ms
Timer 'STL Import' took 15.94 ms
Timer 'STL Import' took 12.86 ms
Timer 'STL Import' took 14.50 ms
Timer 'STL Import' took 22.79 ms
Unable to delete file

Blender quit
