INPUT Error.NoError 141157.15754427013 Error.NoError
BUILT Head_fixed 21847.5
BUILT Scale_link_020 1209.8
BUILT Scale_link_021 944.1
BUILT Scale_link_022 1197.7
BUILT Scale_link_023 943.6
BUILT Scale_link_024 941.8
BUILT Scale_link_025 1323.9
BUILT Scale_link_026 984.3
BUILT Scale_link_027 1315.9
BUILT Left_foreleg_fixed 3632.6
BUILT Scale_link_029 987.2
BUILT Scale_link_030 986.9
BUILT Right_foreleg_fixed 3585.0
BUILT Scale_link_032 946.7
BUILT Scale_link_033 1015.7
BUILT Scale_link_034 944.9
BUILT Scale_link_036 1012.7
BUILT Scale_link_037 1011.5
BUILT Scale_link_039 967.4
BUILT Scale_link_040 1038.8
BUILT Scale_link_041 963.8
BUILT Scale_link_042 1588.7
BUILT Scale_link_043 1032.4
BUILT Scale_link_044 1031.5
BUILT Scale_link_045 1557.5
BUILT Scale_link_046 984.0
BUILT Scale_link_047 1060.8
BUILT Scale_link_048 980.4
BUILT Scale_link_049 1663.6
BUILT Scale_link_050 1037.0
BUILT Scale_link_051 1035.3
BUILT Scale_link_052 1626.9
BUILT Scale_link_053 988.8
BUILT Scale_link_054 1058.9
BUILT Scale_link_055 986.0
BUILT Scale_link_056 1650.5
BUILT Scale_link_057 1035.6
BUILT Scale_link_058 1035.5
BUILT Scale_link_059 1614.9
BUILT Scale_link_060 981.3
BUILT Scale_link_061 1049.2
BUILT Scale_link_062 978.3
BUILT Scale_link_063 1523.6
BUILT Scale_link_064 1022.7
BUILT Scale_link_065 1022.5
BUILT Scale_link_066 1488.1
BUILT Scale_link_067 946.5
BUILT Scale_link_068 1037.1
BUILT Scale_link_069 942.5
BUILT Scale_link_070 1280.7
BUILT Scale_link_071 996.5
BUILT Scale_link_072 995.5
BUILT Scale_link_073 1249.8
BUILT Scale_link_074 886.5
BUILT Scale_link_075 1005.2
BUILT Scale_link_076 883.8
BUILT Left_hindleg_fixed 5446.3
BUILT Scale_link_078 943.9
BUILT Scale_link_079 942.8
BUILT Right_hindleg_fixed 5368.1
BUILT Scale_link_082 946.9
BUILT Scale_link_084 880.4
BUILT Scale_link_085 878.7
BUILT Scale_link_087 865.7
BUILT Scale_link_089 783.6
BUILT Scale_link_090 782.9
BUILT Scale_link_091 1111.4
BUILT Scale_link_092 756.0
BUILT Scale_link_093 1084.5
BUILT Scale_link_094 667.8
BUILT Scale_link_095 666.4
BUILT Scale_link_096 936.2
BUILT Scale_link_097 622.4
BUILT Scale_link_098 909.7
BUILT Scale_link_099 1080.5
BUILT Scale_link_100 1065.2
BUILT Tail_tip_fixed 2123.6
RESULT {"dimensions_mm": [85.5569076538086, 189.97945404052734, 27.911832809448242], "parts": 77, "link_count": 86, "upper_seam_mm": 0.7, "collisions": [], "min_gap_mm": 0.29780666788575666, "source": "User supplied Meshy OBJ, voxel-repaired at 0.22mm", "joint": "Actual pangolin central component 2 cropped at reference Z=6mm; original XY and Z scale retained; unused perimeter arms trimmed"}
