INPUT Error.NoError 113986.74038928721 Error.NoError
BUILT Head_fixed 14054.1
BUILT Scale_link_013 881.6
BUILT Scale_link_014 892.6
BUILT Scale_link_015 780.8
BUILT Scale_link_016 942.7
BUILT Scale_link_017 725.2
DISCONNECTED Left_foreleg_fixed [1332.408, 3.469]
BUILT Left_foreleg_fixed 1337.9
BUILT Scale_link_019 953.8
BUILT Scale_link_020 956.6
DISCONNECTED Right_foreleg_fixed [1296.112, 3.627]
BUILT Right_foreleg_fixed 1301.6
BUILT Scale_link_022 879.6
BUILT Scale_link_023 1049.7
BUILT Scale_link_024 885.3
BUILT Scale_link_026 1058.4
BUILT Scale_link_027 1061.5
BUILT Scale_link_029 991.2
BUILT Scale_link_030 1116.6
BUILT Scale_link_031 984.3
BUILT Scale_link_032 705.5
BUILT Scale_link_033 1109.9
BUILT Scale_link_034 1108.7
BUILT Scale_link_035 724.8
BUILT Scale_link_036 1014.2
BUILT Scale_link_037 1139.0
BUILT Scale_link_038 1015.6
BUILT Scale_link_039 726.8
BUILT Scale_link_040 1114.4
BUILT Scale_link_041 1117.0
BUILT Scale_link_042 802.2
BUILT Scale_link_043 1003.1
BUILT Scale_link_044 1140.5
BUILT Scale_link_045 1015.2
BUILT Scale_link_046 753.4
BUILT Scale_link_047 1103.5
BUILT Scale_link_048 1108.5
BUILT Scale_link_049 845.7
BUILT Scale_link_050 1004.2
BUILT Scale_link_051 1126.7
BUILT Scale_link_052 1012.4
BUILT Scale_link_053 779.8
BUILT Scale_link_054 1086.5
BUILT Scale_link_055 1093.3
BUILT Scale_link_056 849.3
BUILT Scale_link_057 981.7
BUILT Scale_link_058 1110.6
BUILT Scale_link_059 985.2
BUILT Scale_link_060 702.5
BUILT Scale_link_061 1073.9
BUILT Scale_link_062 1077.8
BUILT Scale_link_063 770.5
BUILT Scale_link_064 1059.0
BUILT Scale_link_065 1072.5
BUILT Scale_link_066 1076.2
BUILT Scale_link_067 1008.0
BUILT Scale_link_068 1014.5
BUILT Scale_link_069 923.4
BUILT Scale_link_070 999.0
BUILT Scale_link_071 933.2
BUILT Left_hindleg_fixed 1670.4
BUILT Scale_link_073 923.1
BUILT Scale_link_074 929.6
BUILT Right_hindleg_fixed 1663.1
BUILT Scale_link_077 940.5
BUILT Scale_link_079 980.2
BUILT Scale_link_080 988.6
BUILT Scale_link_081 883.1
BUILT Scale_link_082 1033.5
BUILT Scale_link_083 1048.1
BUILT Scale_link_084 811.4
BUILT Scale_link_085 920.7
BUILT Scale_link_086 926.1
BUILT Scale_link_087 737.4
BUILT Tail_tip_fixed 4422.0
RESULT {"dimensions_mm": [50.51220512390137, 190.15955352783203, 30.10892105102539], "parts": 73, "link_count": 80, "upper_seam_mm": 0.7, "collisions": [], "min_gap_mm": 0.29780202440338255, "source": "User supplied Meshy OBJ, voxel-repaired at 0.22mm", "joint": "Actual pangolin central component 2 cropped at reference Z=6mm; original XY and Z scale retained; unused perimeter arms trimmed"}
