SKIN Error.NoError
PART Head_fixed ENCLOSED
PART Scale_link_013 unchanged
PART Scale_link_014 unchanged
PART Scale_link_015 ENCLOSED
PART Scale_link_016 unchanged
PART Scale_link_017 ENCLOSED
PART Left_foreleg_fixed ENCLOSED
PART Scale_link_019 unchanged
PART Scale_link_020 unchanged
PART Right_foreleg_fixed ENCLOSED
PART Scale_link_022 unchanged
PART Scale_link_023 unchanged
PART Scale_link_024 unchanged
PART Scale_link_026 unchanged
PART Scale_link_027 unchanged
PART Scale_link_029 unchanged
PART Scale_link_030 unchanged
PART Scale_link_031 unchanged
PART Scale_link_032 ENCLOSED
PART Scale_link_033 unchanged
PART Scale_link_034 unchanged
PART Scale_link_035 ENCLOSED
PART Scale_link_036 unchanged
PART Scale_link_037 unchanged
PART Scale_link_038 unchanged
PART Scale_link_039 ENCLOSED
PART Scale_link_040 unchanged
PART Scale_link_041 unchanged
PART Scale_link_042 ENCLOSED
PART Scale_link_043 unchanged
PART Scale_link_044 unchanged
PART Scale_link_045 unchanged
PART Scale_link_046 ENCLOSED
PART Scale_link_047 unchanged
PART Scale_link_048 unchanged
PART Scale_link_049 ENCLOSED
PART Scale_link_050 unchanged
PART Scale_link_051 unchanged
PART Scale_link_052 unchanged
PART Scale_link_053 ENCLOSED
PART Scale_link_054 unchanged
PART Scale_link_055 unchanged
PART Scale_link_056 ENCLOSED
PART Scale_link_057 unchanged
PART Scale_link_058 unchanged
PART Scale_link_059 unchanged
PART Scale_link_060 ENCLOSED
PART Scale_link_061 unchanged
PART Scale_link_062 unchanged
PART Scale_link_063 ENCLOSED
PART Scale_link_064 ENCLOSED
PART Scale_link_065 unchanged
PART Scale_link_066 ENCLOSED
PART Scale_link_067 unchanged
PART Scale_link_068 unchanged
PART Scale_link_069 ENCLOSED
PART Scale_link_070 unchanged
PART Scale_link_071 ENCLOSED
PART Left_hindleg_fixed ENCLOSED
PART Scale_link_073 unchanged
PART Scale_link_074 unchanged
PART Right_hindleg_fixed ENCLOSED
PART Scale_link_077 unchanged
PART Scale_link_079 ENCLOSED
PART Scale_link_080 ENCLOSED
PART Scale_link_081 unchanged
PART Scale_link_082 ENCLOSED
PART Scale_link_083 ENCLOSED
PART Scale_link_084 unchanged
PART Scale_link_085 ENCLOSED
PART Scale_link_086 ENCLOSED
PART Scale_link_087 unchanged
PART Tail_tip_fixed ENCLOSED
RESULT {"dimensions_mm": [50.51220512390137, 190.15955352783203, 30.10892105102539], "parts": 73, "link_count": 80, "upper_seam_mm": 0.7, "collisions": [], "min_gap_mm": 0.29780202440338255, "encased_parts": ["Head_fixed", "Scale_link_015", "Scale_link_017", "Left_foreleg_fixed", "Right_foreleg_fixed", "Scale_link_032", "Scale_link_035", "Scale_link_039", "Scale_link_042", "Scale_link_046", "Scale_link_049", "Scale_link_053", "Scale_link_056", "Scale_link_060", "Scale_link_063", "Scale_link_064", "Scale_link_066", "Scale_link_069", "Scale_link_071", "Left_hindleg_fixed", "Right_hindleg_fixed", "Scale_link_079", "Scale_link_080", "Scale_link_082", "Scale_link_083", "Scale_link_085", "Scale_link_086", "Tail_tip_fixed"], "source": "User shingleback sculpt", "joint": "Pangolin link, working inward quarters unchanged; unmatched outward quarters closed with lowered sculpted flank"}
