{
  "watertight_parts": 73,
  "single_shell_per_part": true,
  "consistent_winding": true,
  "assembly_build_items": 1,
  "unit": "millimeter",
  "a1_mini_bounds_mm": [
    [
      21.607266376927484,
      21.50883477245381,
      0.0
    ],
    [
      158.3927336230725,
      158.4911652275462,
      30.10892105102539
    ]
  ],
  "a1_mini_xy_size_mm": [
    136.785467246145,
    136.98233045509238
  ],
  "plate_rotation_degrees": 45,
  "sample_shells": 13,
  "sample_dimensions_mm": [
    30.087074279785156,
    29.741600036621094,
    29.64402961730957
  ]
}
