Blender 5.2.1 LTS (hash 9e2066aef7ef built 2026-08-25 02:38:20)
Timer 'STL Import' took 110.64 ms
Timer 'STL Import' took 78.07 ms
Timer 'STL Import' took 52.78 ms
Timer 'STL Import' took 75.06 ms
Timer 'STL Import' took 88.06 ms
Timer 'STL Import' took 511.39 ms
Timer 'STL Import' took 30.74 ms
Timer 'STL Import' took 25.56 ms
Timer 'STL Import' took 13.38 ms
Timer 'STL Import' took 13.94 ms
Timer 'STL Import' took 13.65 ms
Timer 'STL Import' took 23.97 ms
Timer 'STL Import' took 23.07 ms
Timer 'STL Import' took 14.62 ms
Timer 'STL Import' took 61.03 ms
Timer 'STL Import' took 66.40 ms
Timer 'STL Import' took 15.12 ms
Timer 'STL Import' took 19.26 ms
Timer 'STL Import' took 91.25 ms
Timer 'STL Import' took 15.43 ms
Timer 'STL Import' took 14.97 ms
Timer 'STL Import' took 15.60 ms
Timer 'STL Import' took 80.23 ms
Timer 'STL Import' took 14.92 ms
Timer 'STL Import' took 16.20 ms
Timer 'STL Import' took 12.58 ms
Timer 'STL Import' took 15.30 ms
Timer 'STL Import' took 19.30 ms
Timer 'STL Import' took 22.51 ms
Timer 'STL Import' took 23.65 ms
Timer 'STL Import' took 17.10 ms
Timer 'STL Import' took 17.28 ms
Timer 'STL Import' took 16.43 ms
Timer 'STL Import' took 25.31 ms
Timer 'STL Import' took 14.44 ms
Timer 'STL Import' took 17.66 ms
Timer 'STL Import' took 17.79 ms
Timer 'STL Import' took 19.36 ms
Timer 'STL Import' took 20.26 ms
Timer 'STL Import' took 16.54 ms
Timer 'STL Import' took 19.87 ms
Timer 'STL Import' took 15.62 ms
Timer 'STL Import' took 17.85 ms
Timer 'STL Import' took 55.48 ms
Timer 'STL Import' took 12.14 ms
Timer 'STL Import' took 14.31 ms
Timer 'STL Import' took 14.81 ms
Timer 'STL Import' took 16.44 ms
Timer 'STL Import' took 15.43 ms
Timer 'STL Import' took 13.77 ms
Timer 'STL Import' took 11.08 ms
Timer 'STL Import' took 18.42 ms
Timer 'STL Import' took 15.20 ms
Timer 'STL Import' took 17.77 ms
Timer 'STL Import' took 17.50 ms
Timer 'STL Import' took 22.46 ms
Timer 'STL Import' took 20.07 ms
Timer 'STL Import' took 16.64 ms
Timer 'STL Import' took 46.54 ms
Timer 'STL Import' took 16.59 ms
Timer 'STL Import' took 30.60 ms
Timer 'STL Import' took 19.75 ms
Timer 'STL Import' took 24.35 ms
Timer 'STL Import' took 12.84 ms
Timer 'STL Import' took 20.61 ms
Timer 'STL Import' took 35.08 ms
Timer 'STL Import' took 15.65 ms
Timer 'STL Import' took 15.07 ms
Timer 'STL Import' took 14.74 ms
Timer 'STL Import' took 15.90 ms
Timer 'STL Import' took 12.07 ms
Timer 'STL Import' took 12.22 ms
Timer 'STL Import' took 14.04 ms
Timer 'STL Import' took 13.49 ms
Timer 'STL Import' took 23.50 ms
Timer 'STL Import' took 16.68 ms
Timer 'STL Import' took 17.12 ms
Timer 'STL Import' took 17.02 ms
Timer 'STL Import' took 26.34 ms
Timer 'STL Import' took 17.53 ms
Timer 'STL Import' took 12.94 ms
Timer 'STL Import' took 17.25 ms
Timer 'STL Import' took 11.90 ms
Timer 'STL Import' took 19.48 ms
Timer 'STL Import' took 14.98 ms
Timer 'STL Import' took 16.66 ms
Timer 'STL Import' took 15.36 ms
Timer 'STL Import' took 20.49 ms
Timer 'STL Import' took 22.58 ms
Timer 'STL Import' took 12.66 ms
Timer 'STL Import' took 27.46 ms
Timer 'STL Import' took 87.23 ms
Timer 'STL Import' took 22.98 ms
Timer 'STL Import' took 21.08 ms
Timer 'STL Import' took 18.17 ms
Timer 'STL Import' took 16.32 ms
Timer 'STL Import' took 34.59 ms
Timer 'STL Import' took 21.41 ms
Timer 'STL Import' took 26.02 ms
Timer 'STL Import' took 112.24 ms
Timer 'STL Import' took 22.01 ms
Timer 'STL Import' took 56.82 ms
Timer 'STL Import' took 14.77 ms
Timer 'STL Import' took 46.76 ms
Timer 'STL Import' took 18.15 ms
Timer 'STL Import' took 13.16 ms
Timer 'STL Import' took 14.98 ms
Timer 'STL Import' took 16.82 ms
Timer 'STL Import' took 17.23 ms
Timer 'STL Import' took 16.11 ms
Timer 'STL Import' took 17.05 ms
Timer 'STL Import' took 21.70 ms
Timer 'STL Import' took 27.44 ms
Timer 'STL Import' took 18.49 ms
Timer 'STL Import' took 18.50 ms
Timer 'STL Import' took 18.38 ms
Timer 'STL Import' took 16.23 ms
Timer 'STL Import' took 42.13 ms
Timer 'STL Import' took 36.32 ms
Timer 'STL Import' took 20.96 ms
Timer 'STL Import' took 18.13 ms
Timer 'STL Import' took 17.99 ms
Tim00:17.969  render           | Saved: 'C:\Users\nikil\3d-printed-playdoh-roller\3d-printing-skills\flexi-shingleback-wrapped-sides\shingleback-preview.png'
00:19.094  render           | Saved: 'C:\Users\nikil\3d-printed-playdoh-roller\3d-printing-skills\flexi-shingleback-wrapped-sides\shingleback-top.png'
00:20.203  render           | Saved: 'C:\Users\nikil\3d-printed-playdoh-roller\3d-printing-skills\flexi-shingleback-wrapped-sides\shingleback-side.png'
00:21.734  render           | Saved: 'C:\Users\nikil\3d-printed-playdoh-roller\3d-printing-skills\flexi-shingleback-wrapped-sides\shingleback-underside.png'
00:24.359  render           | Saved: 'C:\Users\nikil\3d-printed-playdoh-roller\3d-printing-skills\flexi-shingleback-wrapped-sides\hindleg-detail.png'
00:24.797  image.write      | ERROR OpenImageIO write failed: Could not open file "\.thumbnails\large\blender_13588_469a8600253a5efe17d4511068645eab.png.png"
BlenderMCP: cannot start server in background mode (blender -b) - commands would never execute
BlenderMCP: run Blender with a GUI, or use a virtual display: xvfb-run -a blender
BlenderMCP addon registered
BlenderMCP server stopped
BlenderMCP addon unregistered
Info: Saved as "flexi-shingleback-wrapped-sides.blend"
SAVED 133 separate objects
er 'STL Import' took 34.15 ms
Timer 'STL Import' took 13.43 ms
Timer 'STL Import' took 42.75 ms
Timer 'STL Import' took 15.29 ms
Timer 'STL Import' took 19.50 ms
Timer 'STL Import' took 26.20 ms
Timer 'STL Import' took 26.48 ms
Timer 'STL Import' took 44.16 ms
Timer 'STL Import' took 40.31 ms
Timer 'STL Import' took 34.97 ms
Timer 'STL Import' took 39.91 ms

Blender quit
