INPUT Error.NoError 331027.10723225906 Error.NoError
GROOVE_FOLLOWING 550 shared edges
WRAP_SURFACE Error.NoError 345003.3233323434
BUILT Head_fixed 48487.4
BUILT Left_foreleg_fixed 10777.6
BUILT Scale_link_029 1523.2
BUILT Scale_link_030 1512.5
BUILT Right_foreleg_fixed 10756.4
BUILT Scale_link_032 1157.3
BUILT Scale_link_033 1318.2
BUILT Scale_link_034 1171.5
BUILT Scale_link_036 1305.0
BUILT Scale_link_037 1343.6
BUILT Scale_link_039 1100.4
BUILT Scale_link_040 1297.9
BUILT Scale_link_041 1086.6
BUILT Scale_link_043 1100.8
BUILT Scale_link_044 1218.1
BUILT Scale_link_046 1035.3
BUILT Scale_link_047 1307.5
BUILT Scale_link_048 1068.8
BUILT Scale_link_050 1245.5
BUILT Scale_link_051 1277.7
BUILT Scale_link_054 1388.6
BUILT Scale_link_055 1362.8
BUILT Scale_link_056 1410.9
BUILT Scale_link_058 1256.4
BUILT Scale_link_059 1564.4
BUILT Scale_link_060 1514.1
BUILT Scale_link_061 1257.1
BUILT Scale_link_062 2080.8
BUILT Scale_link_063 1155.4
BUILT Scale_link_064 1636.9
BUILT Scale_link_065 1197.5
BUILT Scale_link_066 2035.1
BUILT Scale_link_067 1360.2
BUILT Scale_link_068 1443.2
BUILT Scale_link_069 1440.9
BUILT Scale_link_070 1332.0
BUILT Scale_link_071 1933.7
BUILT Scale_link_072 1277.0
BUILT Scale_link_073 2053.3
BUILT Scale_link_074 1269.6
BUILT Scale_link_075 1870.3
BUILT Scale_link_076 1443.3
BUILT Scale_link_077 1409.5
BUILT Scale_link_078 1364.5
BUILT Scale_link_079 1503.9
BUILT Scale_link_080 2162.5
BUILT Scale_link_081 1404.7
BUILT Scale_link_082 2141.1
BUILT Scale_link_083 1419.5
BUILT Scale_link_084 2138.3
BUILT Scale_link_085 1083.3
BUILT Scale_link_086 1388.7
BUILT Scale_link_087 1413.9
BUILT Scale_link_088 1096.6
BUILT Scale_link_089 2163.9
BUILT Scale_link_090 1330.7
BUILT Scale_link_091 2084.5
BUILT Scale_link_092 1324.9
BUILT Scale_link_093 2144.0
BUILT Scale_link_094 1358.3
BUILT Scale_link_095 1461.4
BUILT Scale_link_096 1378.5
BUILT Scale_link_097 1347.5
BUILT Scale_link_098 2232.8
BUILT Scale_link_099 1485.5
BUILT Scale_link_100 2023.7
BUILT Scale_link_101 1456.8
BUILT Scale_link_102 2262.9
BUILT Scale_link_103 1202.2
BUILT Scale_link_104 1396.1
BUILT Scale_link_105 1362.4
BUILT Scale_link_106 1098.0
BUILT Scale_link_107 1832.6
BUILT Scale_link_108 1556.9
BUILT Scale_link_109 1977.1
BUILT Scale_link_110 1542.8
BUILT Scale_link_111 1790.3
BUILT Scale_link_112 1398.6
BUILT Scale_link_113 1426.8
BUILT Scale_link_114 1418.7
BUILT Scale_link_115 1372.9
BUILT Scale_link_116 1886.0
BUILT Scale_link_117 1652.1
BUILT Scale_link_118 1833.4
BUILT Scale_link_119 1653.0
BUILT Scale_link_120 1820.0
BUILT Scale_link_121 1188.1
BUILT Scale_link_122 1507.8
BUILT Scale_link_123 1507.1
BUILT Scale_link_124 1199.2
BUILT Scale_link_125 1405.4
BUILT Scale_link_126 1515.5
BUILT Scale_link_127 1710.9
BUILT Scale_link_128 1499.5
BUILT Scale_link_129 1388.0
BUILT Left_hindleg_fixed 12753.4
BUILT Scale_link_131 1467.4
BUILT Scale_link_132 1362.3
BUILT Right_hindleg_fixed 12823.9
BUILT Scale_link_134 1305.7
BUILT Scale_link_135 1720.5
BUILT Scale_link_136 1294.2
BUILT Scale_link_138 1351.1
BUILT Scale_link_139 1344.1
BUILT Scale_link_142 1472.3
BUILT Scale_link_145 1201.4
BUILT Scale_link_146 1201.0
BUILT Scale_link_150 1357.8
BUILT Scale_link_153 916.5
BUILT Scale_link_154 1106.9
BUILT Scale_link_155 1187.1
BUILT Scale_link_156 1175.4
BUILT Scale_link_157 1211.8
BUILT Scale_link_158 823.0
BUILT Scale_link_159 745.5
BUILT Scale_link_160 1030.5
BUILT Scale_link_161 1273.4
BUILT Scale_link_162 1824.4
BUILT Scale_link_163 1133.7
BUILT Scale_link_164 2207.5
BUILT Scale_link_165 1290.5
BUILT Scale_link_166 1672.6
BUILT Scale_link_167 1623.4
BUILT Scale_link_168 943.5
BUILT Scale_link_169 2453.4
BUILT Scale_link_170 474.7
BUILT Scale_link_171 740.2
BUILT Scale_link_172 860.0
BUILT Scale_link_173 615.1
BUILT Scale_link_174 1158.0
BUILT Scale_link_175 536.9
BUILT Scale_link_176 636.6
BUILT Tail_tip_fixed 4975.4
RESULT {"dimensions_mm": [95.42841720581055, 275.47021484375, 40.4721565246582], "parts": 133, "link_count": 151, "upper_seam_mm": 0.7, "collisions": [], "min_gap_mm": 0.29780293140640224, "source": "User supplied Meshy OBJ, voxel-repaired at 0.22mm", "joint": "Actual pangolin central component 2 cropped at reference Z=6mm; original XY and Z scale retained; unused perimeter arms trimmed"}
